{
  "version": "1.5.0",
  "plugins_used": [
    {
      "name": "ArtifactoryDetector"
    },
    {
      "name": "AWSKeyDetector"
    },
    {
      "name": "AzureStorageKeyDetector"
    },
    {
      "name": "Base64HighEntropyString",
      "limit": 4.5
    },
    {
      "name": "BasicAuthDetector"
    },
    {
      "name": "CloudantDetector"
    },
    {
      "name": "DiscordBotTokenDetector"
    },
    {
      "name": "GitHubTokenDetector"
    },
    {
      "name": "GitLabTokenDetector"
    },
    {
      "name": "HexHighEntropyString",
      "limit": 3.0
    },
    {
      "name": "IbmCloudIamDetector"
    },
    {
      "name": "IbmCosHmacDetector"
    },
    {
      "name": "IPPublicDetector"
    },
    {
      "name": "JwtTokenDetector"
    },
    {
      "name": "KeywordDetector",
      "keyword_exclude": ""
    },
    {
      "name": "MailchimpDetector"
    },
    {
      "name": "NpmDetector"
    },
    {
      "name": "OpenAIDetector"
    },
    {
      "name": "PrivateKeyDetector"
    },
    {
      "name": "PypiTokenDetector"
    },
    {
      "name": "SendGridDetector"
    },
    {
      "name": "SlackDetector"
    },
    {
      "name": "SoftlayerDetector"
    },
    {
      "name": "SquareOAuthDetector"
    },
    {
      "name": "StripeDetector"
    },
    {
      "name": "TelegramBotTokenDetector"
    },
    {
      "name": "TwilioKeyDetector"
    }
  ],
  "filters_used": [
    {
      "path": "detect_secrets.filters.allowlist.is_line_allowlisted"
    },
    {
      "path": "detect_secrets.filters.common.is_baseline_file",
      "filename": ".secrets.baseline"
    },
    {
      "path": "detect_secrets.filters.common.is_ignored_due_to_verification_policies",
      "min_level": 2
    },
    {
      "path": "detect_secrets.filters.heuristic.is_indirect_reference"
    },
    {
      "path": "detect_secrets.filters.heuristic.is_likely_id_string"
    },
    {
      "path": "detect_secrets.filters.heuristic.is_lock_file"
    },
    {
      "path": "detect_secrets.filters.heuristic.is_not_alphanumeric_string"
    },
    {
      "path": "detect_secrets.filters.heuristic.is_potential_uuid"
    },
    {
      "path": "detect_secrets.filters.heuristic.is_prefixed_with_dollar_sign"
    },
    {
      "path": "detect_secrets.filters.heuristic.is_sequential_string"
    },
    {
      "path": "detect_secrets.filters.heuristic.is_swagger_file"
    },
    {
      "path": "detect_secrets.filters.heuristic.is_templated_secret"
    }
  ],
  "results": {
    ".github\\actions\\install-pyutilz\\action.yml": [
      {
        "type": "Hex High Entropy String",
        "filename": ".github\\actions\\install-pyutilz\\action.yml",
        "hashed_secret": "1632b7b3b7f3671395e5c0e0e5dc2d11611a7d11",
        "is_verified": false,
        "line_number": 21
      }
    ],
    "audits\\2026-09-04\\23_operator_coverage.md": [
      {
        "type": "Secret Keyword",
        "filename": "audits\\2026-09-04\\23_operator_coverage.md",
        "hashed_secret": "b0c9e3c93ec3fed8c44a93e42b9ef2c42592a7d4",
        "is_verified": false,
        "line_number": 496
      }
    ],
    "audits\\2026-09-04\\24_cost.md": [
      {
        "type": "Basic Auth Credentials",
        "filename": "audits\\2026-09-04\\24_cost.md",
        "hashed_secret": "a94a8fe5ccb19ba61c4c0873d391e987982fbbd3",
        "is_verified": false,
        "line_number": 179
      }
    ],
    "audits\\2026-09-04\\25_wrong_human_action.md": [
      {
        "type": "Hex High Entropy String",
        "filename": "audits\\2026-09-04\\25_wrong_human_action.md",
        "hashed_secret": "d8e51f1f7d9a06bc1afedba5112dd9bd6bc85496",
        "is_verified": false,
        "line_number": 27
      }
    ],
    "audits\\implemented\\2026-09-24\\35_new_meta_tests.md": [
      {
        "type": "Secret Keyword",
        "filename": "audits\\implemented\\2026-09-24\\35_new_meta_tests.md",
        "hashed_secret": "314ead7937a9a49627eb1e9994aef3448a9fbe85",
        "is_verified": false,
        "line_number": 270
      }
    ],
    "audits\\implemented\\2026-09-24\\dispositions\\n2.md": [
      {
        "type": "Secret Keyword",
        "filename": "audits\\implemented\\2026-09-24\\dispositions\\n2.md",
        "hashed_secret": "314ead7937a9a49627eb1e9994aef3448a9fbe85",
        "is_verified": false,
        "line_number": 33
      }
    ],
    "src\\py_ci_shared\\git_dependency_pins.py": [
      {
        "type": "Basic Auth Credentials",
        "filename": "src\\py_ci_shared\\git_dependency_pins.py",
        "hashed_secret": "9d4e1e23bd5b727046a9e3b4b7db57bd8d6ee684",
        "is_verified": false,
        "line_number": 54
      }
    ],
    "src\\py_ci_shared\\machine_specific_paths.py": [
      {
        "type": "Basic Auth Credentials",
        "filename": "src\\py_ci_shared\\machine_specific_paths.py",
        "hashed_secret": "9d4e1e23bd5b727046a9e3b4b7db57bd8d6ee684",
        "is_verified": false,
        "line_number": 16
      }
    ],
    "src\\py_ci_shared\\secret_safe_test_output.py": [
      {
        "type": "Basic Auth Credentials",
        "filename": "src\\py_ci_shared\\secret_safe_test_output.py",
        "hashed_secret": "112bb791304791ddcf692e29fd5cf149b35fea37",
        "is_verified": false,
        "line_number": 13
      },
      {
        "type": "Basic Auth Credentials",
        "filename": "src\\py_ci_shared\\secret_safe_test_output.py",
        "hashed_secret": "5baa61e4c9b93f3f0682250b6cf8331b7ee68fd8",
        "is_verified": false,
        "line_number": 45
      }
    ],
    "tests\\_mutation_harness_version_baseline.json": [
      {
        "type": "Hex High Entropy String",
        "filename": "tests\\_mutation_harness_version_baseline.json",
        "hashed_secret": "259444323d2890a1eb478055f266d7fbcd9373f6",
        "is_verified": false,
        "line_number": 2
      },
      {
        "type": "Hex High Entropy String",
        "filename": "tests\\_mutation_harness_version_baseline.json",
        "hashed_secret": "762e4f68ccf2f4e288f16fa2b6259c299a8aaf7c",
        "is_verified": false,
        "line_number": 5
      },
      {
        "type": "Hex High Entropy String",
        "filename": "tests\\_mutation_harness_version_baseline.json",
        "hashed_secret": "1891141e8c68a1d5a4d0271c47fdfb6a31ec2424",
        "is_verified": false,
        "line_number": 6
      },
      {
        "type": "Hex High Entropy String",
        "filename": "tests\\_mutation_harness_version_baseline.json",
        "hashed_secret": "f74699a0e55969a7e7693950c380b3c5b55d8e8e",
        "is_verified": false,
        "line_number": 7
      }
    ],
    "tests\\test_adoption_matrix.py": [
      {
        "type": "Hex High Entropy String",
        "filename": "tests\\test_adoption_matrix.py",
        "hashed_secret": "79b800a56a5cada47040049cd5d46b95266065ba",
        "is_verified": false,
        "line_number": 24
      },
      {
        "type": "Hex High Entropy String",
        "filename": "tests\\test_adoption_matrix.py",
        "hashed_secret": "fd51f574b613987f6370df6cffd7b917374a869c",
        "is_verified": false,
        "line_number": 25
      }
    ],
    "tests\\test_gate_floors_and_parse_errors.py": [
      {
        "type": "Hex High Entropy String",
        "filename": "tests\\test_gate_floors_and_parse_errors.py",
        "hashed_secret": "158b484ae1f6f64f89da22397d25fbdafad02252",
        "is_verified": false,
        "line_number": 20
      }
    ],
    "tests\\test_gate_teeth.py": [
      {
        "type": "Secret Keyword",
        "filename": "tests\\test_gate_teeth.py",
        "hashed_secret": "672b118e61d79824e280d51b8272d1f25261339e",
        "is_verified": false,
        "line_number": 425
      }
    ],
    "tests\\test_git_dependency_pins.py": [
      {
        "type": "Hex High Entropy String",
        "filename": "tests\\test_git_dependency_pins.py",
        "hashed_secret": "2840d209a05cbb89f3d13c2a620f74800d4f4438",
        "is_verified": false,
        "line_number": 15
      }
    ],
    "tests\\test_machine_specific_paths.py": [
      {
        "type": "Basic Auth Credentials",
        "filename": "tests\\test_machine_specific_paths.py",
        "hashed_secret": "afc848c316af1a89d49826c5ae9d00ed769415f3",
        "is_verified": false,
        "line_number": 41
      },
      {
        "type": "Basic Auth Credentials",
        "filename": "tests\\test_machine_specific_paths.py",
        "hashed_secret": "fef341f85d87439e7d91a2d465b9871ef66b5e98",
        "is_verified": false,
        "line_number": 42
      },
      {
        "type": "Basic Auth Credentials",
        "filename": "tests\\test_machine_specific_paths.py",
        "hashed_secret": "5baa61e4c9b93f3f0682250b6cf8331b7ee68fd8",
        "is_verified": false,
        "line_number": 61
      },
      {
        "type": "Basic Auth Credentials",
        "filename": "tests\\test_machine_specific_paths.py",
        "hashed_secret": "5a4fe08359c7f97380e408c717ef42c86939cd86",
        "is_verified": false,
        "line_number": 88
      }
    ],
    "tests\\test_offline_suite_without_credentials.py": [
      {
        "type": "Basic Auth Credentials",
        "filename": "tests\\test_offline_suite_without_credentials.py",
        "hashed_secret": "0aa24b06cd169b7b887aa9671a57009bde4bc92e",
        "is_verified": false,
        "line_number": 15
      },
      {
        "type": "Basic Auth Credentials",
        "filename": "tests\\test_offline_suite_without_credentials.py",
        "hashed_secret": "c053ecf9ed41df0311b9df13cc6c3b6078d2d3c2",
        "is_verified": false,
        "line_number": 88
      }
    ],
    "tests\\test_pytest_plugin.py": [
      {
        "type": "Basic Auth Credentials",
        "filename": "tests\\test_pytest_plugin.py",
        "hashed_secret": "0aa24b06cd169b7b887aa9671a57009bde4bc92e",
        "is_verified": false,
        "line_number": 153
      }
    ],
    "tests\\test_secret_assertion_operands.py": [
      {
        "type": "Basic Auth Credentials",
        "filename": "tests\\test_secret_assertion_operands.py",
        "hashed_secret": "c053ecf9ed41df0311b9df13cc6c3b6078d2d3c2",
        "is_verified": false,
        "line_number": 44
      }
    ],
    "tests\\test_secret_safe_test_output.py": [
      {
        "type": "Secret Keyword",
        "filename": "tests\\test_secret_safe_test_output.py",
        "hashed_secret": "0aa24b06cd169b7b887aa9671a57009bde4bc92e",
        "is_verified": false,
        "line_number": 15
      },
      {
        "type": "Secret Keyword",
        "filename": "tests\\test_secret_safe_test_output.py",
        "hashed_secret": "d1c6f1a8165a0d45fe9e577ab012b869bbcc87d5",
        "is_verified": false,
        "line_number": 119
      },
      {
        "type": "Secret Keyword",
        "filename": "tests\\test_secret_safe_test_output.py",
        "hashed_secret": "12ef168674e846ece2bc7265723ab199404c48ff",
        "is_verified": false,
        "line_number": 127
      }
    ],
    "tests\\test_sibling_floor_skew.py": [
      {
        "type": "Hex High Entropy String",
        "filename": "tests\\test_sibling_floor_skew.py",
        "hashed_secret": "7456ccb531f507c5243b914dfe9942d6b065fc27",
        "is_verified": false,
        "line_number": 16
      }
    ]
  },
  "generated_at": "2026-10-09T10:26:58Z"
}
